[customize-portfolio.blogspot.com/index.html]
[ajax.googleapis.com/ajax/libs/jquery/1.11.0/jquery.min.js]
[maxcdn.bootstrapcdn.com/font-awesome/4.7.0/css/font-awesome.min.css]
[cdn.linearicons.com/free/1.0.0/icon-font.min.css]
[backblue.gif]
[fade.gif]
[index.html]
[customize-portfolio.blogspot.com/favicon.ico]
[customize-portfolio.blogspot.com/feeds/posts/default]
[customize-portfolio.blogspot.com/feeds/posts/default9522]
[4.bp.blogspot.com/-cz0BYywT9k4/WgGMWiiCEDI/AAAAAAAAEK0/YeAuNhf_LOoprntp89SozkFS5BwPhbR7QCK4BGAYYCw/s1600/head-back.jpg]
[www.blogger.com/img/widgets/draggable.png]
[3.bp.blogspot.com/-Yw8BIuvwoSQ/VsjkCIMoltI/AAAAAAAAC4c/s55PW6xEKn0/s1600-r/nth.png]
[customize-portfolio.blogspot.com/publication/multirat/index.b.delayed]
[customize-portfolio.blogspot.com/authors/joanes-grandjean/index.c.delayed]
[customize-portfolio.blogspot.com/authors/admin/index.d.delayed]
[customize-portfolio.blogspot.com/authors/mallar-chakravarty/index.e.delayed]
[customize-portfolio.blogspot.com/publication/brainhack/index.f.delayed]
[customize-portfolio.blogspot.com/publication/prime-re/index.10.delayed]
[customize-portfolio.blogspot.com/authors/p.-christiaan-klink/index.11.delayed]
[customize-portfolio.blogspot.com/publication/cpm/index.12.delayed]
[customize-portfolio.blogspot.com/publication/medetomidine/index.13.delayed]
[customize-portfolio.blogspot.com/default.14.delayed]
[customize-portfolio.blogspot.com/mqdefault.15.delayed]
[1.bp.blogspot.com/-eAeO-DYJDws/Vkqtj4HFBFI/AAAAAAAAB0o/Q5OLsyONXM0/s1600-r/nth.png]
[connect.facebook.net/en_US/sdk.js]
[www.blogger.com/static/v1/widgets/1163011050-widgets.js]
[customize-portfolio.blogspot.com/index.html]
[www.blogger.com/img/widgets/stats-flipper.png]
[resources.blogblog.com/img/widgets/s_top.png]
[www.blogger.com/static/v1/widgets/2975350028-css_bundle_v2.css]
[maxcdn.bootstrapcdn.com/font-awesome/4.7.0/css/font-awesome.min.css]
[cdn.linearicons.com/free/1.0.0/icon-font.min.css]
[www.blogger.com/dyn-css/authorization1857.css]
[customize-portfolio.blogspot.com/publication/multirat/index.html]
[customize-portfolio.blogspot.com/authors/joanes-grandjean/index.html]
[customize-portfolio.blogspot.com/authors/admin/index.html]
[customize-portfolio.blogspot.com/authors/mallar-chakravarty/index.html]
[customize-portfolio.blogspot.com/publication/brainhack/index.html]
[customize-portfolio.blogspot.com/publication/prime-re/index.html]
[customize-portfolio.blogspot.com/authors/p.-christiaan-klink/index.html]
[customize-portfolio.blogspot.com/publication/cpm/index.html]
[customize-portfolio.blogspot.com/publication/medetomidine/index.html]
[customize-portfolio.blogspot.com/default.html]
[customize-portfolio.blogspot.com/mqdefault.html]
[connect.facebook.net/en_US/sdk.js]
